<%@ page contentType="text/html; charset=UTF-8" session="false" %><%@ taglib prefix="c" uri="http://java.sun.com/jsp/jstl/core"%><%@ taglib prefix="fmt" uri="http://java.sun.com/jsp/jstl/fmt"%><%@ taglib prefix="entoj" uri="https://entoj.io/entoj"%><%@ taglib prefix="cm" uri="http://www.coremedia.com/2004/objectserver-1.0-2.0"%><%@ taglib prefix="bp" uri="http://www.coremedia.com/2012/blueprint"%><%--@elvariable id="settingsService" type="com.coremedia.blueprint.base.settings.SettingsService"--%>
${ entoj:foo(model.text) }
${ entoj:foo(model.text, '#Lipsum', '#Lorem') }
${ entoj:bar(entoj:foo(model.text, x), 'y') }
${ entoj:foo(['one', two]) }


${ empty url ? '' : url }
${ empty url ? 'string' : url }
${ empty url ? 1 : url }
${ empty url ? variable : url }
<c:set var="value" value="${ empty false ? 'hooraa' : false }" />
<c:if test="${ empty false ? '' : false == 'yes' }"></c:if>


<c:out value="${ url }" />
<c:set var="value"><c:out value="${ false }" /></c:set>


${ empty url }
<c:set var="value" value="${ empty false }" />
<c:if test="${ not empty false }"></c:if>


${  } ${ not empty url ? .concat('--').concat(url) : '' }
<c:set var="value" value="${ 'e-cta' } ${ not empty 'primary' ? 'e-cta'.concat('--').concat('primary') : '' } ${ not empty 'green' ? 'e-cta'.concat('--').concat('green') : '' }" />


${ pageContext.request.contextPath.concat('/').concat(url) }
<c:set var="path" value="${ pageContext.request.contextPath.concat('/').concat('primary') }" />


<fmt:message var="translation" key="${ 'key' }" />
<fmt:message key="${ 'key' }" />


<c:set var="html"><cm:include self="${ content }" view="${ 'tkPlain' }" /></c:set>
<c:set var="html"><cm:include self="${ 'content' }" view="${ 'default' }" /></c:set>
<cm:include self="${ content }" view="${ 'tkPlain' }" />


<c:set var="date"><fmt:formatDate value="${ timestamp.time }" type="date" pattern="YYYY-MM-DD" /></c:set>
<c:set var="date"><fmt:formatDate value="${ timestamp.time }" type="date" pattern="DD.MM.YYYY" /></c:set>
<fmt:formatDate value="${ timestamp.time }" type="date" pattern="YYYY-MM-DD" />





${ pageContext.request.contextPath.concat('/').concat(url) }
<c:set var="path" value="${ pageContext.request.contextPath.concat('/').concat('primary') }" />


<cm:link target="${ url }" />
<cm:link var="path" target="${ model }" />
<cm:link var="path" target="${ model }"><cm:param name="p" value="${ page }" /><cm:param name="s" value="${ 15 }" /></cm:link>
